MPLINK 4.30.01, Linker
Linker Map File - Created Wed May 13 22:37:28 2009

                                 Section Info
                  Section       Type    Address   Location Size(Bytes)
                ---------  ---------  ---------  ---------  ---------
               _entry_scn       code   0x000000    program   0x000006
    HIGH_INTERRUPT_VECTOR       code   0x000008    program   0x000006
     LOW_INTERRUPT_VECTOR       code   0x000018    program   0x000006
    REMAPPED_RESET_VECTOR       code   0x001000    program   0x000006
REMAPPED_HIGH_INTERRUPT_VECTOR       code   0x001008    program   0x000006
REMAPPED_LOW_INTERRUPT_VECTOR       code   0x001018    program   0x000006
                   .cinit    romdata   0x00102a    program   0x000026
             .code_main.o       code   0x001050    program   0x001ed2
         .code_vfprintf.o       code   0x002f22    program   0x000c22
       .code_usb_device.o       code   0x003b44    program   0x000b66
                     PROG       code   0x0046aa    program   0x00067c
           .code_sincos.o       code   0x004d26    program   0x0005aa
             .code_atan.o       code   0x0052d0    program   0x000518
         .code_asinacos.o       code   0x0057e8    program   0x00050a
             .code_sqrt.o       code   0x005cf2    program   0x000442
 .code_usb_function_cdc.o       code   0x006134    program   0x00039a
        .code_spi_funcs.o       code   0x0064ce    program   0x000398
             .code_atof.o       code   0x006866    program   0x0002d2
                   STDLIB       code   0x006b38    program   0x00028e
            .code_atan2.o       code   0x006dc6    program   0x000234
             .stringtable    romdata   0x006ffa    program   0x000167
       .idata_sprintf.o_i    romdata   0x007161    program   0x000000
      .idata_fxd0808u.o_i    romdata   0x007161    program   0x000000
      .romdata_fxd1616u.o    romdata   0x007161    program   0x000000
        .romdata___init.o    romdata   0x007161    program   0x000000
          .idata_asin.o_i    romdata   0x007161    program   0x000000
      .idata_UnpkMath.o_i    romdata   0x007161    program   0x000000
         .idata_atan2.o_i    romdata   0x007161    program   0x000000
           .romdata_cos.o    romdata   0x007161    program   0x000000
          .romdata_atan.o    romdata   0x007161    program   0x000000
           .idata_cos.o_i    romdata   0x007161    program   0x000000
          .idata_putc.o_i    romdata   0x007161    program   0x000000
       .idata_fxm3232.o_i    romdata   0x007161    program   0x000000
.romdata_usb_function_cdc.o    romdata   0x007161    program   0x000000
.idata_usb_function_cdc.o_i    romdata   0x007161    program   0x000000
     .romdata_spi_funcs.o    romdata   0x007161    program   0x000000
  .romdata_my_usb_funcs.o    romdata   0x007161    program   0x000000
            .code_ldexp.o       code   0x007162    program   0x000138
            .code_errno.o       code   0x007162    program   0x000000
             .code_menu.o       code   0x00729a    program   0x000130
          .romdata_menu.o    romdata   0x0073ca    program   0x000120
         .code_UnpkMath.o       code   0x0074ea    program   0x00011c
         .code_PackMath.o       code   0x007606    program   0x00011a
                   STRING       code   0x007720    program   0x0000fc
.romdata_usb_descriptors.o    romdata   0x00781c    program   0x0000c9
      .romdata_asinacos.o    romdata   0x0078e5    program   0x000000
      .romdata_UnpkMath.o    romdata   0x0078e5    program   0x000000
     .idata_spi_funcs.o_i    romdata   0x0078e5    program   0x000001
    .romdata_usb_device.o    romdata   0x0078e5    program   0x000000
    .idata_usb_device.o_i    romdata   0x0078e5    program   0x000000
         .romdata_ldexp.o    romdata   0x0078e5    program   0x000000
         .romdata_c018i.o    romdata   0x0078e5    program   0x000000
        .romdata_sincos.o    romdata   0x0078e5    program   0x000000
      .romdata_fxd0808u.o    romdata   0x0078e5    program   0x000000
     .code_my_usb_funcs.o       code   0x0078e6    program   0x0000bc
          .code_sprintf.o       code   0x0079a2    program   0x0000ac
               _cinit_scn       code   0x007a4e    program   0x00009e
             .code_putc.o       code   0x007aec    program   0x000084
          .code_fxm3232.o       code   0x007b70    program   0x000070
             .code_fabs.o       code   0x007be0    program   0x000066
              .code_sin.o       code   0x007c46    program   0x000050
              .code_cos.o       code   0x007c96    program   0x00004e
             .code_asin.o       code   0x007ce4    program   0x00004e
         .code_fxd3232u.o       code   0x007d32    program   0x000048
             D10KTCYXCODE       code   0x007d7a    program   0x00002e
         .code_fxd1616u.o       code   0x007da8    program   0x00002c
                    CTYPE       code   0x007dd4    program   0x000024
              D1KTCYXCODE       code   0x007df8    program   0x000020
             _startup_scn       code   0x007e18    program   0x00001c
                    STDIO       code   0x007e34    program   0x00001c
         .code_fxd0808u.o       code   0x007e50    program   0x00001c
      .romdata_vfprintf.o    romdata   0x007e6c    program   0x000011
      .romdata_PackMath.o    romdata   0x007e7d    program   0x000000
      .idata_PackMath.o_i    romdata   0x007e7d    program   0x000000
           .romdata_sin.o    romdata   0x007e7d    program   0x000000
.idata_usb_descriptors.o_i    romdata   0x007e7d    program   0x000000
          .romdata_sqrt.o    romdata   0x007e7d    program   0x000000
          .romdata_fabs.o    romdata   0x007e7d    program   0x000000
          .idata_fabs.o_i    romdata   0x007e7d    program   0x000000
        .idata_sincos.o_i    romdata   0x007e7d    program   0x000000
      .idata_fxd3232u.o_i    romdata   0x007e7d    program   0x000000
          .romdata_atof.o    romdata   0x007e7d    program   0x000000
       .romdata_fxm3232.o    romdata   0x007e7d    program   0x000000
          .idata_atan.o_i    romdata   0x007e7d    program   0x000000
  .idata_my_usb_funcs.o_i    romdata   0x007e7d    program   0x000000
          .romdata_asin.o    romdata   0x007e7d    program   0x000000
    .idata__user_putc.o_i    romdata   0x007e7d    program   0x000000
         .idata_c018i.o_i    romdata   0x007e7d    program   0x000000
            .code_c018i.o       code   0x007e7e    program   0x000000
                    .code       code   0x007e7e    program   0x00000e
          .romdata_main.o    romdata   0x007e8c    program   0x000005
    .romdata__user_putc.o    romdata   0x007e91    program   0x000000
      .idata_fxd1616u.o_i    romdata   0x007e91    program   0x000000
        .idata___init.o_i    romdata   0x007e91    program   0x000000
          .romdata_putc.o    romdata   0x007e91    program   0x000000
      .idata_asinacos.o_i    romdata   0x007e91    program   0x000000
         .romdata_atan2.o    romdata   0x007e91    program   0x000000
          .idata_atof.o_i    romdata   0x007e91    program   0x000000
      .romdata_fxd3232u.o    romdata   0x007e91    program   0x000000
         .idata_errno.o_i    romdata   0x007e91    program   0x000000
         .romdata_errno.o    romdata   0x007e91    program   0x000000
      .idata_vfprintf.o_i    romdata   0x007e91    program   0x000000
           .idata_sin.o_i    romdata   0x007e91    program   0x000000
       .romdata_sprintf.o    romdata   0x007e91    program   0x000000
         .idata_ldexp.o_i    romdata   0x007e91    program   0x000000
          .idata_sqrt.o_i    romdata   0x007e91    program   0x000000
  .code_usb_descriptors.o       code   0x007e92    program   0x000000
       .code__user_putc.o       code   0x007e92    program   0x000002
           .code___init.o       code   0x007e94    program   0x000002
          .idata_menu.o_i    romdata   0x007e96    program   0x000002
          .idata_main.o_i    romdata   0x007e98    program   0x00003f
                 .tmpdata      udata   0x000000       data   0x00003c
                MATH_DATA      udata   0x00003c       data   0x000014
YourHighPriorityISRCode_tmp      udata   0x000050       data   0x000002
                DELAYDAT2      udata   0x000052       data   0x000001
                DELAYDAT1      udata   0x000053       data   0x000001
      .udata_usb_device.o      udata   0x000060       data   0x000035
.udata_usb_function_cdc.o      udata   0x000095       data   0x000019
            .udata_main.o      udata   0x000100       data   0x0000aa
            .idata_main.o      idata   0x0001aa       data   0x00003f
           .udata_c018i.o      udata   0x0001e9       data   0x00000a
    .udata_my_usb_funcs.o      udata   0x0001f3       data   0x000002
           .udata_errno.o      udata   0x0001f5       data   0x000002
            .idata_menu.o      idata   0x0001f7       data   0x000002
       .idata_spi_funcs.o      idata   0x0001f9       data   0x000001
             .udata_cos.o      udata   0x0001fa       data   0x000000
             .idata_cos.o      idata   0x0001fa       data   0x000000
          .udata_sincos.o      udata   0x0001fa       data   0x000000
          .idata_sincos.o      idata   0x0001fa       data   0x000000
      .idata__user_putc.o      idata   0x0001fa       data   0x000000
           .idata_errno.o      idata   0x0001fa       data   0x000000
            .udata_fabs.o      udata   0x0001fa       data   0x000000
            .idata_fabs.o      idata   0x0001fa       data   0x000000
             .udata_sin.o      udata   0x0001fa       data   0x000000
             .idata_sin.o      idata   0x0001fa       data   0x000000
         .udata_sprintf.o      udata   0x0001fa       data   0x000000
         .idata_sprintf.o      idata   0x0001fa       data   0x000000
            .udata_sqrt.o      udata   0x0001fa       data   0x000000
            .idata_sqrt.o      idata   0x0001fa       data   0x000000
        .udata_PackMath.o      udata   0x0001fa       data   0x000000
        .idata_PackMath.o      idata   0x0001fa       data   0x000000
           .udata_ldexp.o      udata   0x0001fa       data   0x000000
      .udata__user_putc.o      udata   0x0001fa       data   0x000000
            .idata_putc.o      idata   0x0001fa       data   0x000000
           .idata_ldexp.o      idata   0x0001fa       data   0x000000
            .udata_putc.o      udata   0x0001fa       data   0x000000
        .udata_vfprintf.o      udata   0x0001fa       data   0x000000
        .idata_vfprintf.o      idata   0x0001fa       data   0x000000
         .idata_fxm3232.o      idata   0x0001fa       data   0x000000
        .udata_fxd3232u.o      udata   0x0001fa       data   0x000000
        .idata_fxd3232u.o      idata   0x0001fa       data   0x000000
         .udata_fxm3232.o      udata   0x0001fa       data   0x000000
           .idata_c018i.o      idata   0x0001fa       data   0x000000
 .udata_usb_descriptors.o      udata   0x0001fa       data   0x000000
 .idata_usb_descriptors.o      idata   0x0001fa       data   0x000000
.idata_usb_function_cdc.o      idata   0x0001fa       data   0x000000
      .idata_usb_device.o      idata   0x0001fa       data   0x000000
       .udata_spi_funcs.o      udata   0x0001fa       data   0x000000
    .idata_my_usb_funcs.o      idata   0x0001fa       data   0x000000
            .udata_menu.o      udata   0x0001fa       data   0x000000
        .udata_fxd0808u.o      udata   0x0001fa       data   0x000000
        .idata_fxd0808u.o      idata   0x0001fa       data   0x000000
        .udata_fxd1616u.o      udata   0x0001fa       data   0x000000
        .idata_fxd1616u.o      idata   0x0001fa       data   0x000000
          .udata___init.o      udata   0x0001fa       data   0x000000
            .idata_atof.o      idata   0x0001fa       data   0x000000
            .udata_atof.o      udata   0x0001fa       data   0x000000
            .idata_atan.o      idata   0x0001fa       data   0x000000
            .udata_atan.o      udata   0x0001fa       data   0x000000
           .idata_atan2.o      idata   0x0001fa       data   0x000000
           .udata_atan2.o      udata   0x0001fa       data   0x000000
        .idata_UnpkMath.o      idata   0x0001fa       data   0x000000
        .udata_UnpkMath.o      udata   0x0001fa       data   0x000000
        .idata_asinacos.o      idata   0x0001fa       data   0x000000
        .udata_asinacos.o      udata   0x0001fa       data   0x000000
            .idata_asin.o      idata   0x0001fa       data   0x000000
            .udata_asin.o      udata   0x0001fa       data   0x000000
          .idata___init.o      idata   0x0001fa       data   0x000000
                   .stack      udata   0x000300       data   0x000100
                  USB_BDT      udata   0x000400       data   0x000050
            USB_VARIABLES      udata   0x000500       data   0x00008f
            SFR_UNBANKED0      udata   0x000f66       data   0x00009a



                              Program Memory Usage 
                               Start         End      
                           ---------   ---------      
                            0x000000    0x000005      
                            0x000008    0x00000d      
                            0x000018    0x00001d      
                            0x001000    0x001005      
                            0x001008    0x00100d      
                            0x001018    0x00101d      
                            0x00102a    0x007160      
                            0x007162    0x007e7c      
                            0x007e7e    0x007e90      
                            0x007e92    0x007ed6      
            28366 out of 33048 program addresses used, program memory utilization is 85%



                              Symbols - Sorted by Name
                     Name    Address   Location    Storage File                     
                ---------  ---------  ---------  --------- ---------                
                CDCInitEP   0x0061d0    program     extern C:\Microchip Solutions\Microchip\Usb\CDC Device Driver\usb_function_cdc.c
             CDCTxService   0x006334    program     extern C:\Microchip Solutions\Microchip\Usb\CDC Device Driver\usb_function_cdc.c
                   D10K_1   0x007d86    program     static C:\MCC18\src\traditional\delays\d10ktcyx.asm
                    D10Kl   0x007d92    program     static C:\MCC18\src\traditional\delays\d10ktcyx.asm
                    D10Kx   0x007d84    program     static C:\MCC18\src\traditional\delays\d10ktcyx.asm
                   D1616S   0x004ca2    program     static C:\MCC18\src\traditional\math\fxd1616s.asm
                D1616SNEG   0x004cb0    program     static C:\MCC18\src\traditional\math\fxd1616s.asm
                 D1616SOK   0x004cac    program     static C:\MCC18\src\traditional\math\fxd1616s.asm
                  D1616SX   0x004cc2    program     static C:\MCC18\src\traditional\math\fxd1616s.asm
                    D1K_1   0x007e04    program     static C:\MCC18\src\traditional\delays\d1ktcyx.asm
                     D1Kx   0x007e02    program     static C:\MCC18\src\traditional\delays\d1ktcyx.asm
                  DA1616S   0x004c92    program     static C:\MCC18\src\traditional\math\fxd1616s.asm
             Delay10KTCYx   0x007d7a    program     extern C:\MCC18\src\traditional\delays\d10ktcyx.asm
              Delay1KTCYx   0x007df8    program     extern C:\MCC18\src\traditional\delays\d1ktcyx.asm
                 FLO0832S   0x0046ae    program     extern C:\MCC18\src\traditional\math\cast08FP.asm
                 FLO0832U   0x0046aa    program     extern C:\MCC18\src\traditional\math\cast08FP.asm
                 FLO1632S   0x0046d0    program     extern C:\MCC18\src\traditional\math\cast16FP.asm
                 FLO1632U   0x0046cc    program     extern C:\MCC18\src\traditional\math\cast16FP.asm
                 FLO3232S   0x004be0    program     extern C:\MCC18\src\traditional\math\cast32FP.asm
                 FLO3232U   0x004bdc    program     extern C:\MCC18\src\traditional\math\cast32FP.asm
                    FPA32   0x0046f8    program     extern C:\MCC18\src\traditional\math\addFP.asm
                    FPD32   0x004824    program     extern C:\MCC18\src\traditional\math\divFP.asm
                    FPM32   0x0048ca    program     extern C:\MCC18\src\traditional\math\mulFP.asm
                    FPS32   0x0046f6    program     extern C:\MCC18\src\traditional\math\addFP.asm
                 FXD0808U   0x007e50    program     extern C:\MCC18\src\traditional\math\fxd0808u.c
                 FXD1616S   0x004c80    program     extern C:\MCC18\src\traditional\math\fxd1616s.asm
                 FXD1616U   0x007da8    program     extern C:\MCC18\src\traditional\math\fxd1616u.c
                 FXD3232U   0x007d32    program     extern C:\MCC18\src\traditional\math\fxd3232u.c
                 FXM1616S   0x004ccc    program     extern C:\MCC18\src\traditional\math\fxm1616s.asm
                  FXM3232   0x007b70    program     extern C:\MCC18\src\traditional\math\fxm3232.c
                    GPS_r   0x00666c    program     extern C:\Documents and Settings\Eric\Desktop\APPT_PROJECT\spi_funcs.c
                 High_ISR   0x000008    program     extern C:\Documents and Settings\Eric\Desktop\APPT_PROJECT\main.c
                  INT3216   0x0049a4    program     extern C:\MCC18\src\traditional\math\castFP16.asm
                  INT3232   0x004c12    program     extern C:\MCC18\src\traditional\math\castFP32.asm
         InitializeSystem   0x002184    program     static C:\Documents and Settings\Eric\Desktop\APPT_PROJECT\main.c
              LCD_snd_cmd   0x006572    program     extern C:\Documents and Settings\Eric\Desktop\APPT_PROJECT\spi_funcs.c
                    LCD_w   0x0064f2    program     extern C:\Documents and Settings\Eric\Desktop\APPT_PROJECT\spi_funcs.c
             LCD_w_string   0x006542    program     extern C:\Documents and Settings\Eric\Desktop\APPT_PROJECT\spi_funcs.c
          LCD_w_stringROM   0x00655a    program     extern C:\Documents and Settings\Eric\Desktop\APPT_PROJECT\spi_funcs.c
                  Low_ISR   0x000018    program     extern C:\Documents and Settings\Eric\Desktop\APPT_PROJECT\main.c
                ProcessIO   0x0027da    program     extern C:\Documents and Settings\Eric\Desktop\APPT_PROJECT\main.c
              Process_GPS   0x002280    program     extern C:\Documents and Settings\Eric\Desktop\APPT_PROJECT\main.c
        Remapped_High_ISR   0x001008    program     extern C:\Documents and Settings\Eric\Desktop\APPT_PROJECT\main.c
         Remapped_Low_ISR   0x001018    program     extern C:\Documents and Settings\Eric\Desktop\APPT_PROJECT\main.c
        SPI_Device_Select   0x0066c6    program     extern C:\Documents and Settings\Eric\Desktop\APPT_PROJECT\spi_funcs.c
                  Set_LED   0x00264a    program     extern C:\Documents and Settings\Eric\Desktop\APPT_PROJECT\main.c
                  TAGTB32   0x004a02    program     extern C:\MCC18\src\traditional\math\gtFP.asm
                  TALTB32   0x004a14    program     extern C:\MCC18\src\traditional\math\ltFP.asm
               TSIGN1616A   0x004d18    program     static C:\MCC18\src\traditional\math\fxm1616s.asm
                   UART_r   0x0065e2    program     extern C:\Documents and Settings\Eric\Desktop\APPT_PROJECT\spi_funcs.c
                   UART_w   0x006594    program     extern C:\Documents and Settings\Eric\Desktop\APPT_PROJECT\spi_funcs.c
            UART_w_string   0x00663c    program     extern C:\Documents and Settings\Eric\Desktop\APPT_PROJECT\spi_funcs.c
         UART_w_stringROM   0x006654    program     extern C:\Documents and Settings\Eric\Desktop\APPT_PROJECT\spi_funcs.c
       USBCBCheckOtherReq   0x0078e8    program     extern C:\Documents and Settings\Eric\Desktop\APPT_PROJECT\my_usb_funcs.c
        USBCBErrorHandler   0x0078e6    program     extern C:\Documents and Settings\Eric\Desktop\APPT_PROJECT\my_usb_funcs.c
              USBCBInitEP   0x0078ec    program     extern C:\Documents and Settings\Eric\Desktop\APPT_PROJECT\my_usb_funcs.c
          USBCBSendResume   0x0078f0    program     extern C:\Documents and Settings\Eric\Desktop\APPT_PROJECT\my_usb_funcs.c
       USBCheckCDCRequest   0x006134    program     extern C:\Microchip Solutions\Microchip\Usb\CDC Device Driver\usb_function_cdc.c
       USBCheckStdRequest   0x003e9a    program     extern C:\Microchip Solutions\Microchip\Usb\usb_device.c
    USBClearInterruptFlag   0x004436    program     extern C:\Microchip Solutions\Microchip\Usb\usb_device.c
     USBConfigureEndpoint   0x0042fc    program     extern C:\Microchip Solutions\Microchip\Usb\usb_device.c
         USBCtrlEPService   0x003d08    program     extern C:\Microchip Solutions\Microchip\Usb\usb_device.c
 USBCtrlEPServiceComplete   0x004100    program     extern C:\Microchip Solutions\Microchip\Usb\usb_device.c
      USBCtrlTrfInHandler   0x003d82    program     extern C:\Microchip Solutions\Microchip\Usb\usb_device.c
     USBCtrlTrfOutHandler   0x003d72    program     extern C:\Microchip Solutions\Microchip\Usb\usb_device.c
      USBCtrlTrfRxService   0x004214    program     extern C:\Microchip Solutions\Microchip\Usb\usb_device.c
   USBCtrlTrfSetupHandler   0x003d4e    program     extern C:\Microchip Solutions\Microchip\Usb\usb_device.c
      USBCtrlTrfTxService   0x004170    program     extern C:\Microchip Solutions\Microchip\Usb\usb_device.c
          USBDeviceAttach   0x00446e    program     extern C:\Microchip Solutions\Microchip\Usb\usb_device.c
          USBDeviceDetach   0x004460    program     extern C:\Microchip Solutions\Microchip\Usb\usb_device.c
            USBDeviceInit   0x003b44    program     extern C:\Microchip Solutions\Microchip\Usb\usb_device.c
           USBDeviceTasks   0x003bb4    program     extern C:\Microchip Solutions\Microchip\Usb\usb_device.c
        USBEnableEndpoint   0x004372    program     extern C:\Microchip Solutions\Microchip\Usb\usb_device.c
USBPrepareForNextSetupTrf   0x003ddc    program     extern C:\Microchip Solutions\Microchip\Usb\usb_device.c
         USBStallEndpoint   0x0043aa    program     extern C:\Microchip Solutions\Microchip\Usb\usb_device.c
          USBStallHandler   0x003cb6    program     extern C:\Microchip Solutions\Microchip\Usb\usb_device.c
  USBStdFeatureReqHandler   0x003f42    program     extern C:\Microchip Solutions\Microchip\Usb\usb_device.c
      USBStdGetDscHandler   0x004002    program     extern C:\Microchip Solutions\Microchip\Usb\usb_device.c
   USBStdGetStatusHandler   0x004084    program     extern C:\Microchip Solutions\Microchip\Usb\usb_device.c
      USBStdSetCfgHandler   0x0042c6    program     extern C:\Microchip Solutions\Microchip\Usb\usb_device.c
               USBSuspend   0x003cde    program     extern C:\Microchip Solutions\Microchip\Usb\usb_device.c
     USBTransferOnePacket   0x0043d0    program     extern C:\Microchip Solutions\Microchip\Usb\usb_device.c
       USBWakeFromSuspend   0x003cf0    program     extern C:\Microchip Solutions\Microchip\Usb\usb_device.c
               USB_CD_Ptr   0x0078dd    program     extern C:\Documents and Settings\Eric\Desktop\APPT_PROJECT\usb_descriptors.c
               USB_SD_Ptr   0x0078df    program     extern C:\Documents and Settings\Eric\Desktop\APPT_PROJECT\usb_descriptors.c
USER_USB_CALLBACK_EVENT_HANDLER   0x00790c    program     extern C:\Documents and Settings\Eric\Desktop\APPT_PROJECT\my_usb_funcs.c
                 UserInit   0x002692    program     extern C:\Documents and Settings\Eric\Desktop\APPT_PROJECT\main.c
  YourHighPriorityISRCode   0x001050    program     extern C:\Documents and Settings\Eric\Desktop\APPT_PROJECT\main.c
   YourLowPriorityISRCode   0x001172    program     extern C:\Documents and Settings\Eric\Desktop\APPT_PROJECT\main.c
                  _14jEnd   0x006d52    program     static C:\MCC18\src\traditional\stdclib\atolfix.asm
              _2jContinue   0x007740    program     static C:\MCC18\src\traditional\stdclib\memset.asm
                   _2jEnd   0x007806    program     static C:\MCC18\src\traditional\stdclib\slenpgm.asm
                   _3jEnd   0x00774a    program     static C:\MCC18\src\traditional\stdclib\memset.asm
              _4jContinue   0x00778e    program     static C:\MCC18\src\traditional\stdclib\strncat.asm
                   _5jEnd   0x007798    program     static C:\MCC18\src\traditional\stdclib\strncat.asm
       _D10KTCYXCODE_0010   0x007d8a    program     static C:\MCC18\src\traditional\delays\d10ktcyx.asm
       _D10KTCYXCODE_001C   0x007d96    program     static C:\MCC18\src\traditional\delays\d10ktcyx.asm
        _D1KTCYXCODE_0010   0x007e08    program     static C:\MCC18\src\traditional\delays\d1ktcyx.asm
        _D1KTCYXCODE_0016   0x007e0e    program     static C:\MCC18\src\traditional\delays\d1ktcyx.asm
                _PackMath   0x007606    program     extern C:\MCC18\src\traditional\stdclib\PackMath.c
                _UnpkMath   0x0074ea    program     extern C:\MCC18\src\traditional\stdclib\UnpkMath.c
              __FpCompare   0x004a26    program     extern C:\MCC18\src\traditional\math\compFP.asm
                 __FpExit   0x004adc    program     extern C:\MCC18\src\traditional\math\packFP.asm
                 __FpPack   0x004b08    program     extern C:\MCC18\src\traditional\math\packFP.asm
            __FpReturnNaN   0x004ad0    program     extern C:\MCC18\src\traditional\math\packFP.asm
         __FpReturnNegInf   0x004ae2    program     extern C:\MCC18\src\traditional\math\packFP.asm
        __FpReturnNegZero   0x004afa    program     extern C:\MCC18\src\traditional\math\packFP.asm
         __FpReturnPosInf   0x004ae8    program     extern C:\MCC18\src\traditional\math\packFP.asm
        __FpReturnPosZero   0x004b02    program     extern C:\MCC18\src\traditional\math\packFP.asm
        __FpReturnSignInf   0x004ade    program     extern C:\MCC18\src\traditional\math\packFP.asm
       __FpReturnSignZero   0x004af6    program     extern C:\MCC18\src\traditional\math\packFP.asm
              __FpReturnW   0x004b60    program     extern C:\MCC18\src\traditional\math\packFP.asm
              __FpUnPackA   0x004b80    program     extern C:\MCC18\src\traditional\math\UnpackFP.asm
              __FpUnPackB   0x004bb0    program     extern C:\MCC18\src\traditional\math\UnpackFP.asm
      ___case_-1_lbl00015   0x00798c    program     static                          
       ___case_0_lbl00022   0x0012e4    program     static                          
       ___case_0_lbl00051   0x0066e4    program     static                          
       ___case_0_lbl00061   0x006772    program     static                          
       ___case_0_lbl00156   0x002668    program     static                          
       ___case_1_lbl00016   0x007990    program     static                          
       ___case_1_lbl00023   0x001352    program     static                          
       ___case_1_lbl00052   0x0066ea    program     static                          
       ___case_1_lbl00062   0x006784    program     static                          
       ___case_1_lbl00157   0x00266e    program     static                          
      ___case_21_lbl00009   0x007974    program     static                          
      ___case_22_lbl00010   0x007978    program     static                          
      ___case_23_lbl00011   0x00797c    program     static                          
       ___case_2_lbl00012   0x007980    program     static                          
       ___case_2_lbl00024   0x0013b0    program     static                          
       ___case_2_lbl00053   0x0066f0    program     static                          
       ___case_2_lbl00063   0x006794    program     static                          
       ___case_2_lbl00158   0x002674    program     static                          
       ___case_3_lbl00014   0x007988    program     static                          
       ___case_3_lbl00054   0x0066f6    program     static                          
       ___case_3_lbl00064   0x0067a6    program     static                          
       ___case_3_lbl00159   0x00267a    program     static                          
       ___case_4_lbl00013   0x007984    program     static                          
      ___default_lbl00017   0x007994    program     static                          
      ___default_lbl00025   0x0013b4    program     static                          
      ___default_lbl00055   0x0066fc    program     static                          
      ___default_lbl00065   0x0067b8    program     static                          
      ___default_lbl00160   0x002680    program     static                          
         ___else_lbl00028   0x0013f4    program     static                          
         ___else_lbl00031   0x0012ca    program     static                          
         ___else_lbl00033   0x0012ae    program     static                          
          ___for_lbl00058   0x0067bc    program     static                          
          ___for_lbl00059   0x0067c0    program     static                          
          ___for_lbl00066   0x006734    program     static                          
           ___if_lbl00026   0x001404    program     static                          
           ___if_lbl00027   0x001404    program     static                          
           ___if_lbl00029   0x00140a    program     static                          
           ___if_lbl00030   0x00140e    program     static                          
           ___if_lbl00032   0x00140e    program     static                          
           ___if_lbl00057   0x006732    program     static                          
       ___return_lbl00000   0x007dd2    program     static                          
       ___return_lbl00000   0x001004    program     static                          
       ___return_lbl00000   0x007e6a    program     static                          
       ___return_lbl00000   0x007d78    program     static                          
       ___return_lbl00000   0x007bde    program     static                          
       ___return_lbl00000   0x000004    program     static                          
       ___return_lbl00001   0x00100c    program     static                          
       ___return_lbl00001   0x007e32    program     static                          
       ___return_lbl00002   0x00101c    program     static                          
       ___return_lbl00002   0x007aea    program     static                          
       ___return_lbl00003   0x00000c    program     static                          
       ___return_lbl00004   0x00001c    program     static                          
       ___return_lbl00007   0x00799a    program     static                          
       ___return_lbl00018   0x001410    program     static                          
       ___return_lbl00049   0x006706    program     static                          
       ___return_lbl00056   0x0067c6    program     static                          
       ___return_lbl00154   0x00268a    program     static                          
   ___switchexit_lbl00008   0x007996    program     static                          
   ___switchexit_lbl00021   0x0013ba    program     static                          
   ___switchexit_lbl00050   0x006700    program     static                          
   ___switchexit_lbl00060   0x0067bc    program     static                          
   ___switchexit_lbl00155   0x002684    program     static                          
        ___while_lbl00019   0x00129a    program     static                          
        ___while_lbl00020   0x001410    program     static                          
                   __init   0x007e94    program     extern C:\MCC18\src\traditional\stdclib\__init.c
                   __pa_0   0x006416    program     static C:\Microchip Solutions\Microchip\Usb\CDC Device Driver\usb_function_cdc.c
                   __pa_0   0x0056ea    program     static C:\MCC18\src\traditional\stdclib\atan.c
                   __pa_0   0x0075f8    program     static C:\MCC18\src\traditional\stdclib\UnpkMath.c
                   __pa_0   0x00282a    program     static C:\Documents and Settings\Eric\Desktop\APPT_PROJECT\main.c
                   __pa_0   0x004498    program     static C:\Microchip Solutions\Microchip\Usb\usb_device.c
                   __pa_0   0x007356    program     static C:\Documents and Settings\Eric\Desktop\APPT_PROJECT\menu.c
                   __pa_0   0x006fa8    program     static C:\MCC18\src\traditional\stdclib\atan2.c
                   __pa_0   0x005b78    program     static C:\MCC18\src\traditional\stdclib\asinacos.c
                   __pa_0   0x0067d0    program     static C:\Documents and Settings\Eric\Desktop\APPT_PROJECT\spi_funcs.c
                   __pa_0   0x003862    program     static C:\MCC18\src\traditional\stdclib\vfprintf.c
                   __pa_0   0x007290    program     static C:\MCC18\src\traditional\stdclib\ldexp.c
                   __pa_0   0x006090    program     static C:\MCC18\src\traditional\stdclib\sqrt.c
                   __pa_0   0x0076ce    program     static C:\MCC18\src\traditional\stdclib\PackMath.c
                   __pa_0   0x005114    program     static C:\MCC18\src\traditional\stdclib\sincos.c
                   __pa_0   0x006a70    program     static C:\MCC18\src\traditional\stdclib\atof.c
                   __pa_1   0x0028c4    program     static C:\Documents and Settings\Eric\Desktop\APPT_PROJECT\main.c
                   __pa_1   0x005722    program     static C:\MCC18\src\traditional\stdclib\atan.c
                   __pa_1   0x005b8a    program     static C:\MCC18\src\traditional\stdclib\asinacos.c
                   __pa_1   0x00736e    program     static C:\Documents and Settings\Eric\Desktop\APPT_PROJECT\menu.c
                   __pa_1   0x0044a6    program     static C:\Microchip Solutions\Microchip\Usb\usb_device.c
                   __pa_1   0x006428    program     static C:\Microchip Solutions\Microchip\Usb\CDC Device Driver\usb_function_cdc.c
                   __pa_1   0x006aa0    program     static C:\MCC18\src\traditional\stdclib\atof.c
                   __pa_1   0x00609a    program     static C:\MCC18\src\traditional\stdclib\sqrt.c
                   __pa_1   0x006fcc    program     static C:\MCC18\src\traditional\stdclib\atan2.c
                   __pa_1   0x00512c    program     static C:\MCC18\src\traditional\stdclib\sincos.c
                   __pa_1   0x0076de    program     static C:\MCC18\src\traditional\stdclib\PackMath.c
                   __pa_1   0x0067dc    program     static C:\Documents and Settings\Eric\Desktop\APPT_PROJECT\spi_funcs.c
                   __pa_1   0x00386a    program     static C:\MCC18\src\traditional\stdclib\vfprintf.c
                  __pa_10   0x00391e    program     static C:\MCC18\src\traditional\stdclib\vfprintf.c
                  __pa_10   0x006854    program     static C:\Documents and Settings\Eric\Desktop\APPT_PROJECT\spi_funcs.c
                  __pa_10   0x0051e8    program     static C:\MCC18\src\traditional\stdclib\sincos.c
                  __pa_10   0x0044f8    program     static C:\Microchip Solutions\Microchip\Usb\usb_device.c
                  __pa_10   0x005c80    program     static C:\MCC18\src\traditional\stdclib\asinacos.c
                  __pa_10   0x002994    program     static C:\Documents and Settings\Eric\Desktop\APPT_PROJECT\main.c
                  __pa_10   0x0064c0    program     static C:\Microchip Solutions\Microchip\Usb\CDC Device Driver\usb_function_cdc.c
                  __pa_10   0x0057bc    program     static C:\MCC18\src\traditional\stdclib\atan.c
                 __pa_100   0x002edc    program     static C:\Documents and Settings\Eric\Desktop\APPT_PROJECT\main.c
                 __pa_101   0x002ee2    program     static C:\Documents and Settings\Eric\Desktop\APPT_PROJECT\main.c
                 __pa_102   0x002ee8    program     static C:\Documents and Settings\Eric\Desktop\APPT_PROJECT\main.c
                 __pa_103   0x002ef0    program     static C:\Documents and Settings\Eric\Desktop\APPT_PROJECT\main.c
                 __pa_104   0x002f0c    program     static C:\Documents and Settings\Eric\Desktop\APPT_PROJECT\main.c
                 __pa_105   0x002f14    program     static C:\Documents and Settings\Eric\Desktop\APPT_PROJECT\main.c
                  __pa_11   0x005c8a    program     static C:\MCC18\src\traditional\stdclib\asinacos.c
                  __pa_11   0x004508    program     static C:\Microchip Solutions\Microchip\Usb\usb_device.c
                  __pa_11   0x00392c    program     static C:\MCC18\src\traditional\stdclib\vfprintf.c
                  __pa_11   0x0029b2    program     static C:\Documents and Settings\Eric\Desktop\APPT_PROJECT\main.c
                  __pa_11   0x0051fa    program     static C:\MCC18\src\traditional\stdclib\sincos.c
                  __pa_11   0x0057c6    program     static C:\MCC18\src\traditional\stdclib\atan.c
                  __pa_11   0x00685a    program     static C:\Documents and Settings\Eric\Desktop\APPT_PROJECT\spi_funcs.c
                  __pa_12   0x0057ce    program     static C:\MCC18\src\traditional\stdclib\atan.c
                  __pa_12   0x0029c8    program     static C:\Documents and Settings\Eric\Desktop\APPT_PROJECT\main.c
                  __pa_12   0x005208    program     static C:\MCC18\src\traditional\stdclib\sincos.c
                  __pa_12   0x005c9a    program     static C:\MCC18\src\traditional\stdclib\asinacos.c
                  __pa_12   0x003942    program     static C:\MCC18\src\traditional\stdclib\vfprintf.c
                  __pa_12   0x00451c    program     static C:\Microchip Solutions\Microchip\Usb\usb_device.c
                  __pa_13   0x0057da    program     static C:\MCC18\src\traditional\stdclib\atan.c
                  __pa_13   0x00395c    program     static C:\MCC18\src\traditional\stdclib\vfprintf.c
                  __pa_13   0x00452e    program     static C:\Microchip Solutions\Microchip\Usb\usb_device.c
                  __pa_13   0x0029e2    program     static C:\Documents and Settings\Eric\Desktop\APPT_PROJECT\main.c
                  __pa_13   0x005ca8    program     static C:\MCC18\src\traditional\stdclib\asinacos.c
                  __pa_13   0x00520e    program     static C:\MCC18\src\traditional\stdclib\sincos.c
                  __pa_14   0x003974    program     static C:\MCC18\src\traditional\stdclib\vfprintf.c
                  __pa_14   0x0029fc    program     static C:\Documents and Settings\Eric\Desktop\APPT_PROJECT\main.c
                  __pa_14   0x00453a    program     static C:\Microchip Solutions\Microchip\Usb\usb_device.c
                  __pa_14   0x005ccc    program     static C:\MCC18\src\traditional\stdclib\asinacos.c
                  __pa_14   0x005228    program     static C:\MCC18\src\traditional\stdclib\sincos.c
                  __pa_15   0x003984    program     static C:\MCC18\src\traditional\stdclib\vfprintf.c
                  __pa_15   0x002a16    program     static C:\Documents and Settings\Eric\Desktop\APPT_PROJECT\main.c
                  __pa_15   0x004556    program     static C:\Microchip Solutions\Microchip\Usb\usb_device.c
                  __pa_15   0x005cd8    program     static C:\MCC18\src\traditional\stdclib\asinacos.c
                  __pa_15   0x00523a    program     static C:\MCC18\src\traditional\stdclib\sincos.c
                  __pa_16   0x004560    program     static C:\Microchip Solutions\Microchip\Usb\usb_device.c
                  __pa_16   0x005ce4    program     static C:\MCC18\src\traditional\stdclib\asinacos.c
                  __pa_16   0x00399a    program     static C:\MCC18\src\traditional\stdclib\vfprintf.c
                  __pa_16   0x00525e    program     static C:\MCC18\src\traditional\stdclib\sincos.c
                  __pa_16   0x002a26    program     static C:\Documents and Settings\Eric\Desktop\APPT_PROJECT\main.c
                  __pa_17   0x004566    program     static C:\Microchip Solutions\Microchip\Usb\usb_device.c
                  __pa_17   0x005cec    program     static C:\MCC18\src\traditional\stdclib\asinacos.c
                  __pa_17   0x005270    program     static C:\MCC18\src\traditional\stdclib\sincos.c
                  __pa_17   0x0039ac    program     static C:\MCC18\src\traditional\stdclib\vfprintf.c
                  __pa_17   0x002a38    program     static C:\Documents and Settings\Eric\Desktop\APPT_PROJECT\main.c
                  __pa_18   0x00527e    program     static C:\MCC18\src\traditional\stdclib\sincos.c
                  __pa_18   0x0039be    program     static C:\MCC18\src\traditional\stdclib\vfprintf.c
                  __pa_18   0x00456a    program     static C:\Microchip Solutions\Microchip\Usb\usb_device.c
                  __pa_18   0x002a4a    program     static C:\Documents and Settings\Eric\Desktop\APPT_PROJECT\main.c
                  __pa_19   0x0039c8    program     static C:\MCC18\src\traditional\stdclib\vfprintf.c
                  __pa_19   0x002a4e    program     static C:\Documents and Settings\Eric\Desktop\APPT_PROJECT\main.c
                  __pa_19   0x004576    program     static C:\Microchip Solutions\Microchip\Usb\usb_device.c
                  __pa_19   0x005290    program     static C:\MCC18\src\traditional\stdclib\sincos.c
                   __pa_2   0x0028d8    program     static C:\Documents and Settings\Eric\Desktop\APPT_PROJECT\main.c
                   __pa_2   0x005ba4    program     static C:\MCC18\src\traditional\stdclib\asinacos.c
                   __pa_2   0x0067ea    program     static C:\Documents and Settings\Eric\Desktop\APPT_PROJECT\spi_funcs.c
                   __pa_2   0x003874    program     static C:\MCC18\src\traditional\stdclib\vfprintf.c
                   __pa_2   0x005148    program     static C:\MCC18\src\traditional\stdclib\sincos.c
                   __pa_2   0x0060b4    program     static C:\MCC18\src\traditional\stdclib\sqrt.c
                   __pa_2   0x006444    program     static C:\Microchip Solutions\Microchip\Usb\CDC Device Driver\usb_function_cdc.c
                   __pa_2   0x00737c    program     static C:\Documents and Settings\Eric\Desktop\APPT_PROJECT\menu.c
                   __pa_2   0x006aba    program     static C:\MCC18\src\traditional\stdclib\atof.c
                   __pa_2   0x00572a    program     static C:\MCC18\src\traditional\stdclib\atan.c
                   __pa_2   0x0076ec    program     static C:\MCC18\src\traditional\stdclib\PackMath.c
                   __pa_2   0x006fde    program     static C:\MCC18\src\traditional\stdclib\atan2.c
                   __pa_2   0x0044ac    program     static C:\Microchip Solutions\Microchip\Usb\usb_device.c
                  __pa_20   0x004582    program     static C:\Microchip Solutions\Microchip\Usb\usb_device.c
                  __pa_20   0x0052a0    program     static C:\MCC18\src\traditional\stdclib\sincos.c
                  __pa_20   0x0039d8    program     static C:\MCC18\src\traditional\stdclib\vfprintf.c
                  __pa_20   0x002a5a    program     static C:\Documents and Settings\Eric\Desktop\APPT_PROJECT\main.c
                  __pa_21   0x002a70    program     static C:\Documents and Settings\Eric\Desktop\APPT_PROJECT\main.c
                  __pa_21   0x0039e8    program     static C:\MCC18\src\traditional\stdclib\vfprintf.c
                  __pa_21   0x004592    program     static C:\Microchip Solutions\Microchip\Usb\usb_device.c
                  __pa_21   0x0052ac    program     static C:\MCC18\src\traditional\stdclib\sincos.c
                  __pa_22   0x002a7a    program     static C:\Documents and Settings\Eric\Desktop\APPT_PROJECT\main.c
                  __pa_22   0x0039f8    program     static C:\MCC18\src\traditional\stdclib\vfprintf.c
                  __pa_22   0x0045a2    program     static C:\Microchip Solutions\Microchip\Usb\usb_device.c
                  __pa_22   0x0052b6    program     static C:\MCC18\src\traditional\stdclib\sincos.c
                  __pa_23   0x0052be    program     static C:\MCC18\src\traditional\stdclib\sincos.c
                  __pa_23   0x002a80    program     static C:\Documents and Settings\Eric\Desktop\APPT_PROJECT\main.c
                  __pa_23   0x0045b0    program     static C:\Microchip Solutions\Microchip\Usb\usb_device.c
                  __pa_23   0x003a04    program     static C:\MCC18\src\traditional\stdclib\vfprintf.c
                  __pa_24   0x002a92    program     static C:\Documents and Settings\Eric\Desktop\APPT_PROJECT\main.c
                  __pa_24   0x0045be    program     static C:\Microchip Solutions\Microchip\Usb\usb_device.c
                  __pa_24   0x0052c4    program     static C:\MCC18\src\traditional\stdclib\sincos.c
                  __pa_24   0x003a12    program     static C:\MCC18\src\traditional\stdclib\vfprintf.c
                  __pa_25   0x002aa4    program     static C:\Documents and Settings\Eric\Desktop\APPT_PROJECT\main.c
                  __pa_25   0x0045cc    program     static C:\Microchip Solutions\Microchip\Usb\usb_device.c
                  __pa_25   0x003a1a    program     static C:\MCC18\src\traditional\stdclib\vfprintf.c
                  __pa_26   0x002ab0    program     static C:\Documents and Settings\Eric\Desktop\APPT_PROJECT\main.c
                  __pa_26   0x0045da    program     static C:\Microchip Solutions\Microchip\Usb\usb_device.c
                  __pa_26   0x003a24    program     static C:\MCC18\src\traditional\stdclib\vfprintf.c
                  __pa_27   0x002aca    program     static C:\Documents and Settings\Eric\Desktop\APPT_PROJECT\main.c
                  __pa_27   0x003a2e    program     static C:\MCC18\src\traditional\stdclib\vfprintf.c
                  __pa_27   0x0045e4    program     static C:\Microchip Solutions\Microchip\Usb\usb_device.c
                  __pa_28   0x002ae4    program     static C:\Documents and Settings\Eric\Desktop\APPT_PROJECT\main.c
                  __pa_28   0x003a36    program     static C:\MCC18\src\traditional\stdclib\vfprintf.c
                  __pa_28   0x004600    program     static C:\Microchip Solutions\Microchip\Usb\usb_device.c
                  __pa_29   0x002afe    program     static C:\Documents and Settings\Eric\Desktop\APPT_PROJECT\main.c
                  __pa_29   0x003a44    program     static C:\MCC18\src\traditional\stdclib\vfprintf.c
                  __pa_29   0x00460c    program     static C:\Microchip Solutions\Microchip\Usb\usb_device.c
                   __pa_3   0x00292a    program     static C:\Documents and Settings\Eric\Desktop\APPT_PROJECT\main.c
                   __pa_3   0x0067fc    program     static C:\Documents and Settings\Eric\Desktop\APPT_PROJECT\spi_funcs.c
                   __pa_3   0x00387e    program     static C:\MCC18\src\traditional\stdclib\vfprintf.c
                   __pa_3   0x00645e    program     static C:\Microchip Solutions\Microchip\Usb\CDC Device Driver\usb_function_cdc.c
                   __pa_3   0x0044b6    program     static C:\Microchip Solutions\Microchip\Usb\usb_device.c
                   __pa_3   0x006fec    program     static C:\MCC18\src\traditional\stdclib\atan2.c
                   __pa_3   0x00573e    program     static C:\MCC18\src\traditional\stdclib\atan.c
                   __pa_3   0x005bbe    program     static C:\MCC18\src\traditional\stdclib\asinacos.c
                   __pa_3   0x007388    program     static C:\Documents and Settings\Eric\Desktop\APPT_PROJECT\menu.c
                   __pa_3   0x0076f6    program     static C:\MCC18\src\traditional\stdclib\PackMath.c
                   __pa_3   0x006aec    program     static C:\MCC18\src\traditional\stdclib\atof.c
                   __pa_3   0x005162    program     static C:\MCC18\src\traditional\stdclib\sincos.c
                   __pa_3   0x0060ce    program     static C:\MCC18\src\traditional\stdclib\sqrt.c
                  __pa_30   0x004618    program     static C:\Microchip Solutions\Microchip\Usb\usb_device.c
                  __pa_30   0x002b18    program     static C:\Documents and Settings\Eric\Desktop\APPT_PROJECT\main.c
                  __pa_30   0x003a60    program     static C:\MCC18\src\traditional\stdclib\vfprintf.c
                  __pa_31   0x002b28    program     static C:\Documents and Settings\Eric\Desktop\APPT_PROJECT\main.c
                  __pa_31   0x004622    program     static C:\Microchip Solutions\Microchip\Usb\usb_device.c
                  __pa_31   0x003a7a    program     static C:\MCC18\src\traditional\stdclib\vfprintf.c
                  __pa_32   0x002b32    program     static C:\Documents and Settings\Eric\Desktop\APPT_PROJECT\main.c
                  __pa_32   0x003a94    program     static C:\MCC18\src\traditional\stdclib\vfprintf.c
                  __pa_32   0x004634    program     static C:\Microchip Solutions\Microchip\Usb\usb_device.c
                  __pa_33   0x003aac    program     static C:\MCC18\src\traditional\stdclib\vfprintf.c
                  __pa_33   0x00463c    program     static C:\Microchip Solutions\Microchip\Usb\usb_device.c
                  __pa_33   0x002b48    program     static C:\Documents and Settings\Eric\Desktop\APPT_PROJECT\main.c
                  __pa_34   0x004646    program     static C:\Microchip Solutions\Microchip\Usb\usb_device.c
                  __pa_34   0x003ab6    program     static C:\MCC18\src\traditional\stdclib\vfprintf.c
                  __pa_34   0x002b50    program     static C:\Documents and Settings\Eric\Desktop\APPT_PROJECT\main.c
                  __pa_35   0x002b64    program     static C:\Documents and Settings\Eric\Desktop\APPT_PROJECT\main.c
                  __pa_35   0x003ac4    program     static C:\MCC18\src\traditional\stdclib\vfprintf.c
                  __pa_35   0x004650    program     static C:\Microchip Solutions\Microchip\Usb\usb_device.c
                  __pa_36   0x003acc    program     static C:\MCC18\src\traditional\stdclib\vfprintf.c
                  __pa_36   0x002b7a    program     static C:\Documents and Settings\Eric\Desktop\APPT_PROJECT\main.c
                  __pa_36   0x00465e    program     static C:\Microchip Solutions\Microchip\Usb\usb_device.c
                  __pa_37   0x00466e    program     static C:\Microchip Solutions\Microchip\Usb\usb_device.c
                  __pa_37   0x003ad6    program     static C:\MCC18\src\traditional\stdclib\vfprintf.c
                  __pa_37   0x002b88    program     static C:\Documents and Settings\Eric\Desktop\APPT_PROJECT\main.c
                  __pa_38   0x003ae6    program     static C:\MCC18\src\traditional\stdclib\vfprintf.c
                  __pa_38   0x002b92    program     static C:\Documents and Settings\Eric\Desktop\APPT_PROJECT\main.c
                  __pa_38   0x00467c    program     static C:\Microchip Solutions\Microchip\Usb\usb_device.c
                  __pa_39   0x003af4    program     static C:\MCC18\src\traditional\stdclib\vfprintf.c
                  __pa_39   0x002b98    program     static C:\Documents and Settings\Eric\Desktop\APPT_PROJECT\main.c
                  __pa_39   0x004682    program     static C:\Microchip Solutions\Microchip\Usb\usb_device.c
                   __pa_4   0x005752    program     static C:\MCC18\src\traditional\stdclib\atan.c
                   __pa_4   0x003896    program     static C:\MCC18\src\traditional\stdclib\vfprintf.c
                   __pa_4   0x006806    program     static C:\Documents and Settings\Eric\Desktop\APPT_PROJECT\spi_funcs.c
                   __pa_4   0x007704    program     static C:\MCC18\src\traditional\stdclib\PackMath.c
                   __pa_4   0x002932    program     static C:\Documents and Settings\Eric\Desktop\APPT_PROJECT\main.c
                   __pa_4   0x00646c    program     static C:\Microchip Solutions\Microchip\Usb\CDC Device Driver\usb_function_cdc.c
                   __pa_4   0x006b00    program     static C:\MCC18\src\traditional\stdclib\atof.c
                   __pa_4   0x0060e0    program     static C:\MCC18\src\traditional\stdclib\sqrt.c
                   __pa_4   0x005bd8    program     static C:\MCC18\src\traditional\stdclib\asinacos.c
                   __pa_4   0x007392    program     static C:\Documents and Settings\Eric\Desktop\APPT_PROJECT\menu.c
                   __pa_4   0x00516c    program     static C:\MCC18\src\traditional\stdclib\sincos.c
                   __pa_4   0x0044be    program     static C:\Microchip Solutions\Microchip\Usb\usb_device.c
                  __pa_40   0x003b00    program     static C:\MCC18\src\traditional\stdclib\vfprintf.c
                  __pa_40   0x00468a    program     static C:\Microchip Solutions\Microchip\Usb\usb_device.c
                  __pa_40   0x002bac    program     static C:\Documents and Settings\Eric\Desktop\APPT_PROJECT\main.c
                  __pa_41   0x002bc0    program     static C:\Documents and Settings\Eric\Desktop\APPT_PROJECT\main.c
                  __pa_41   0x0046a0    program     static C:\Microchip Solutions\Microchip\Usb\usb_device.c
                  __pa_41   0x003b0c    program     static C:\MCC18\src\traditional\stdclib\vfprintf.c
                  __pa_42   0x003b14    program     static C:\MCC18\src\traditional\stdclib\vfprintf.c
                  __pa_42   0x002bd2    program     static C:\Documents and Settings\Eric\Desktop\APPT_PROJECT\main.c
                  __pa_43   0x003b1e    program     static C:\MCC18\src\traditional\stdclib\vfprintf.c
                  __pa_43   0x002be4    program     static C:\Documents and Settings\Eric\Desktop\APPT_PROJECT\main.c
                  __pa_44   0x002bf6    program     static C:\Documents and Settings\Eric\Desktop\APPT_PROJECT\main.c
                  __pa_44   0x003b24    program     static C:\MCC18\src\traditional\stdclib\vfprintf.c
                  __pa_45   0x003b2e    program     static C:\MCC18\src\traditional\stdclib\vfprintf.c
                  __pa_45   0x002c08    program     static C:\Documents and Settings\Eric\Desktop\APPT_PROJECT\main.c
                  __pa_46   0x003b3a    program     static C:\MCC18\src\traditional\stdclib\vfprintf.c
                  __pa_46   0x002c1a    program     static C:\Documents and Settings\Eric\Desktop\APPT_PROJECT\main.c
                  __pa_47   0x002c26    program     static C:\Documents and Settings\Eric\Desktop\APPT_PROJECT\main.c
                  __pa_48   0x002c36    program     static C:\Documents and Settings\Eric\Desktop\APPT_PROJECT\main.c
                  __pa_49   0x002c46    program     static C:\Documents and Settings\Eric\Desktop\APPT_PROJECT\main.c
                   __pa_5   0x005c00    program     static C:\MCC18\src\traditional\stdclib\asinacos.c
                   __pa_5   0x00680e    program     static C:\Documents and Settings\Eric\Desktop\APPT_PROJECT\spi_funcs.c
                   __pa_5   0x005182    program     static C:\MCC18\src\traditional\stdclib\sincos.c
                   __pa_5   0x0038aa    program     static C:\MCC18\src\traditional\stdclib\vfprintf.c
                   __pa_5   0x0044c8    program     static C:\Microchip Solutions\Microchip\Usb\usb_device.c
                   __pa_5   0x006b1a    program     static C:\MCC18\src\traditional\stdclib\atof.c
                   __pa_5   0x006476    program     static C:\Microchip Solutions\Microchip\Usb\CDC Device Driver\usb_function_cdc.c
                   __pa_5   0x0060f2    program     static C:\MCC18\src\traditional\stdclib\sqrt.c
                   __pa_5   0x0073a2    program     static C:\Documents and Settings\Eric\Desktop\APPT_PROJECT\menu.c
                   __pa_5   0x00770c    program     static C:\MCC18\src\traditional\stdclib\PackMath.c
                   __pa_5   0x005764    program     static C:\MCC18\src\traditional\stdclib\atan.c
                   __pa_5   0x002944    program     static C:\Documents and Settings\Eric\Desktop\APPT_PROJECT\main.c
                  __pa_50   0x002c4e    program     static C:\Documents and Settings\Eric\Desktop\APPT_PROJECT\main.c
                  __pa_51   0x002c5a    program     static C:\Documents and Settings\Eric\Desktop\APPT_PROJECT\main.c
                  __pa_52   0x002c68    program     static C:\Documents and Settings\Eric\Desktop\APPT_PROJECT\main.c
                  __pa_53   0x002c76    program     static C:\Documents and Settings\Eric\Desktop\APPT_PROJECT\main.c
                  __pa_54   0x002c84    program     static C:\Documents and Settings\Eric\Desktop\APPT_PROJECT\main.c
                  __pa_55   0x002c92    program     static C:\Documents and Settings\Eric\Desktop\APPT_PROJECT\main.c
                  __pa_56   0x002ca0    program     static C:\Documents and Settings\Eric\Desktop\APPT_PROJECT\main.c
                  __pa_57   0x002ca8    program     static C:\Documents and Settings\Eric\Desktop\APPT_PROJECT\main.c
                  __pa_58   0x002cb2    program     static C:\Documents and Settings\Eric\Desktop\APPT_PROJECT\main.c
                  __pa_59   0x002cba    program     static C:\Documents and Settings\Eric\Desktop\APPT_PROJECT\main.c
                   __pa_6   0x006104    program     static C:\MCC18\src\traditional\stdclib\sqrt.c
                   __pa_6   0x006b30    program     static C:\MCC18\src\traditional\stdclib\atof.c
                   __pa_6   0x00681e    program     static C:\Documents and Settings\Eric\Desktop\APPT_PROJECT\spi_funcs.c
                   __pa_6   0x005198    program     static C:\MCC18\src\traditional\stdclib\sincos.c
                   __pa_6   0x005c16    program     static C:\MCC18\src\traditional\stdclib\asinacos.c
                   __pa_6   0x0073c0    program     static C:\Documents and Settings\Eric\Desktop\APPT_PROJECT\menu.c
                   __pa_6   0x002956    program     static C:\Documents and Settings\Eric\Desktop\APPT_PROJECT\main.c
                   __pa_6   0x00647e    program     static C:\Microchip Solutions\Microchip\Usb\CDC Device Driver\usb_function_cdc.c
                   __pa_6   0x0038c6    program     static C:\MCC18\src\traditional\stdclib\vfprintf.c
                   __pa_6   0x0044d0    program     static C:\Microchip Solutions\Microchip\Usb\usb_device.c
                   __pa_6   0x007714    program     static C:\MCC18\src\traditional\stdclib\PackMath.c
                   __pa_6   0x00577c    program     static C:\MCC18\src\traditional\stdclib\atan.c
                  __pa_60   0x002ccc    program     static C:\Documents and Settings\Eric\Desktop\APPT_PROJECT\main.c
                  __pa_61   0x002cde    program     static C:\Documents and Settings\Eric\Desktop\APPT_PROJECT\main.c
                  __pa_62   0x002cf0    program     static C:\Documents and Settings\Eric\Desktop\APPT_PROJECT\main.c
                  __pa_63   0x002d02    program     static C:\Documents and Settings\Eric\Desktop\APPT_PROJECT\main.c
                  __pa_64   0x002d0a    program     static C:\Documents and Settings\Eric\Desktop\APPT_PROJECT\main.c
                  __pa_65   0x002d24    program     static C:\Documents and Settings\Eric\Desktop\APPT_PROJECT\main.c
                  __pa_66   0x002d36    program     static C:\Documents and Settings\Eric\Desktop\APPT_PROJECT\main.c
                  __pa_67   0x002d48    program     static C:\Documents and Settings\Eric\Desktop\APPT_PROJECT\main.c
                  __pa_68   0x002d54    program     static C:\Documents and Settings\Eric\Desktop\APPT_PROJECT\main.c
                  __pa_69   0x002d5e    program     static C:\Documents and Settings\Eric\Desktop\APPT_PROJECT\main.c
                   __pa_7   0x0051aa    program     static C:\MCC18\src\traditional\stdclib\sincos.c
                   __pa_7   0x00682e    program     static C:\Documents and Settings\Eric\Desktop\APPT_PROJECT\spi_funcs.c
                   __pa_7   0x002966    program     static C:\Documents and Settings\Eric\Desktop\APPT_PROJECT\main.c
                   __pa_7   0x005c34    program     static C:\MCC18\src\traditional\stdclib\asinacos.c
                   __pa_7   0x0044d4    program     static C:\Microchip Solutions\Microchip\Usb\usb_device.c
                   __pa_7   0x00648c    program     static C:\Microchip Solutions\Microchip\Usb\CDC Device Driver\usb_function_cdc.c
                   __pa_7   0x0038d0    program     static C:\MCC18\src\traditional\stdclib\vfprintf.c
                   __pa_7   0x00578e    program     static C:\MCC18\src\traditional\stdclib\atan.c
                   __pa_7   0x006112    program     static C:\MCC18\src\traditional\stdclib\sqrt.c
                  __pa_70   0x002d68    program     static C:\Documents and Settings\Eric\Desktop\APPT_PROJECT\main.c
                  __pa_71   0x002d70    program     static C:\Documents and Settings\Eric\Desktop\APPT_PROJECT\main.c
                  __pa_72   0x002d82    program     static C:\Documents and Settings\Eric\Desktop\APPT_PROJECT\main.c
                  __pa_73   0x002d94    program     static C:\Documents and Settings\Eric\Desktop\APPT_PROJECT\main.c
                  __pa_74   0x002da6    program     static C:\Documents and Settings\Eric\Desktop\APPT_PROJECT\main.c
                  __pa_75   0x002db0    program     static C:\Documents and Settings\Eric\Desktop\APPT_PROJECT\main.c
                  __pa_76   0x002dbc    program     static C:\Documents and Settings\Eric\Desktop\APPT_PROJECT\main.c
                  __pa_77   0x002dcc    program     static C:\Documents and Settings\Eric\Desktop\APPT_PROJECT\main.c
                  __pa_78   0x002dd4    program     static C:\Documents and Settings\Eric\Desktop\APPT_PROJECT\main.c
                  __pa_79   0x002dea    program     static C:\Documents and Settings\Eric\Desktop\APPT_PROJECT\main.c
                   __pa_8   0x0051c4    program     static C:\MCC18\src\traditional\stdclib\sincos.c
                   __pa_8   0x0057a4    program     static C:\MCC18\src\traditional\stdclib\atan.c
                   __pa_8   0x006496    program     static C:\Microchip Solutions\Microchip\Usb\CDC Device Driver\usb_function_cdc.c
                   __pa_8   0x00297e    program     static C:\Documents and Settings\Eric\Desktop\APPT_PROJECT\main.c
                   __pa_8   0x0044e2    program     static C:\Microchip Solutions\Microchip\Usb\usb_device.c
                   __pa_8   0x006838    program     static C:\Documents and Settings\Eric\Desktop\APPT_PROJECT\spi_funcs.c
                   __pa_8   0x005c4e    program     static C:\MCC18\src\traditional\stdclib\asinacos.c
                   __pa_8   0x00611a    program     static C:\MCC18\src\traditional\stdclib\sqrt.c
                   __pa_8   0x0038dc    program     static C:\MCC18\src\traditional\stdclib\vfprintf.c
                  __pa_80   0x002df6    program     static C:\Documents and Settings\Eric\Desktop\APPT_PROJECT\main.c
                  __pa_81   0x002e00    program     static C:\Documents and Settings\Eric\Desktop\APPT_PROJECT\main.c
                  __pa_82   0x002e06    program     static C:\Documents and Settings\Eric\Desktop\APPT_PROJECT\main.c
                  __pa_83   0x002e18    program     static C:\Documents and Settings\Eric\Desktop\APPT_PROJECT\main.c
                  __pa_84   0x002e2a    program     static C:\Documents and Settings\Eric\Desktop\APPT_PROJECT\main.c
                  __pa_85   0x002e36    program     static C:\Documents and Settings\Eric\Desktop\APPT_PROJECT\main.c
                  __pa_86   0x002e3e    program     static C:\Documents and Settings\Eric\Desktop\APPT_PROJECT\main.c
                  __pa_87   0x002e46    program     static C:\Documents and Settings\Eric\Desktop\APPT_PROJECT\main.c
                  __pa_88   0x002e54    program     static C:\Documents and Settings\Eric\Desktop\APPT_PROJECT\main.c
                  __pa_89   0x002e5a    program     static C:\Documents and Settings\Eric\Desktop\APPT_PROJECT\main.c
                   __pa_9   0x0051de    program     static C:\MCC18\src\traditional\stdclib\sincos.c
                   __pa_9   0x0057ae    program     static C:\MCC18\src\traditional\stdclib\atan.c
                   __pa_9   0x006124    program     static C:\MCC18\src\traditional\stdclib\sqrt.c
                   __pa_9   0x0064b0    program     static C:\Microchip Solutions\Microchip\Usb\CDC Device Driver\usb_function_cdc.c
                   __pa_9   0x002988    program     static C:\Documents and Settings\Eric\Desktop\APPT_PROJECT\main.c
                   __pa_9   0x0044ee    program     static C:\Microchip Solutions\Microchip\Usb\usb_device.c
                   __pa_9   0x006848    program     static C:\Documents and Settings\Eric\Desktop\APPT_PROJECT\spi_funcs.c
                   __pa_9   0x005c68    program     static C:\MCC18\src\traditional\stdclib\asinacos.c
                   __pa_9   0x0038fe    program     static C:\MCC18\src\traditional\stdclib\vfprintf.c
                  __pa_90   0x002e62    program     static C:\Documents and Settings\Eric\Desktop\APPT_PROJECT\main.c
                  __pa_91   0x002e6a    program     static C:\Documents and Settings\Eric\Desktop\APPT_PROJECT\main.c
                  __pa_92   0x002e72    program     static C:\Documents and Settings\Eric\Desktop\APPT_PROJECT\main.c
                  __pa_93   0x002e86    program     static C:\Documents and Settings\Eric\Desktop\APPT_PROJECT\main.c
                  __pa_94   0x002e98    program     static C:\Documents and Settings\Eric\Desktop\APPT_PROJECT\main.c
                  __pa_95   0x002ea6    program     static C:\Documents and Settings\Eric\Desktop\APPT_PROJECT\main.c
                  __pa_96   0x002eb6    program     static C:\Documents and Settings\Eric\Desktop\APPT_PROJECT\main.c
                  __pa_97   0x002ec0    program     static C:\Documents and Settings\Eric\Desktop\APPT_PROJECT\main.c
                  __pa_98   0x002eca    program     static C:\Documents and Settings\Eric\Desktop\APPT_PROJECT\main.c
                  __pa_99   0x002ed2    program     static C:\Documents and Settings\Eric\Desktop\APPT_PROJECT\main.c
              __string_10   0x007086    program     static C:\Documents and Settings\Eric\Desktop\APPT_PROJECT\main.c
              __string_11   0x00704c    program     static C:\Documents and Settings\Eric\Desktop\APPT_PROJECT\main.c
              __string_12   0x00703d    program     static C:\Documents and Settings\Eric\Desktop\APPT_PROJECT\main.c
              __string_13   0x007022    program     static C:\Documents and Settings\Eric\Desktop\APPT_PROJECT\main.c
              __string_14   0x007013    program     static C:\Documents and Settings\Eric\Desktop\APPT_PROJECT\main.c
              __string_15   0x006ffa    program     static C:\Documents and Settings\Eric\Desktop\APPT_PROJECT\main.c
              __string_17   0x00715e    program     static C:\Documents and Settings\Eric\Desktop\APPT_PROJECT\menu.c
               __string_3   0x007143    program     static C:\Documents and Settings\Eric\Desktop\APPT_PROJECT\main.c
               __string_4   0x007122    program     static C:\Documents and Settings\Eric\Desktop\APPT_PROJECT\main.c
               __string_5   0x00710d    program     static C:\Documents and Settings\Eric\Desktop\APPT_PROJECT\main.c
               __string_7   0x0070f1    program     static C:\Documents and Settings\Eric\Desktop\APPT_PROJECT\main.c
               __string_8   0x0070ac    program     static C:\Documents and Settings\Eric\Desktop\APPT_PROJECT\main.c
               __string_9   0x00709f    program     static C:\Documents and Settings\Eric\Desktop\APPT_PROJECT\main.c
               __tmplbl_0   0x007928    program     static                          
               __tmplbl_1   0x007934    program     static                          
               __tmplbl_2   0x00793e    program     static                          
              __tmplbl_25   0x004566    program     static                          
               __tmplbl_3   0x007948    program     static                          
              __tmplbl_30   0x004566    program     static                          
              __tmplbl_39   0x002a4a    program     static                          
               __tmplbl_4   0x007952    program     static                          
              __tmplbl_41   0x002a4a    program     static                          
              __tmplbl_42   0x002e62    program     static                          
              __tmplbl_42   0x0039f8    program     static                          
              __tmplbl_43   0x003840    program     static                          
              __tmplbl_43   0x002e62    program     static                          
              __tmplbl_44   0x002a4a    program     static                          
              __tmplbl_44   0x003826    program     static                          
              __tmplbl_45   0x002a4a    program     static                          
               __tmplbl_5   0x00795c    program     static                          
               __tmplbl_5   0x006746    program     static                          
               __tmplbl_6   0x007966    program     static                          
               __tmplbl_7   0x007970    program     static                          
              __tmplbl_85   0x002f78    program     static                          
            __zero_memory   0x007e7e    program     extern C:\MCC18\src\traditional\proc\p18F2550.asm
                _asinacos   0x0057e8    program     extern C:\MCC18\src\traditional\stdclib\asinacos.c
                _do_cinit   0x007a4e    program     extern C:\MCC18\src\traditional\startup\c018i.c
                   _entry   0x000000    program     extern C:\MCC18\src\traditional\startup\c018i.c
                   _false   0x007d74    program     static                          
                   _reset   0x001000    program     extern C:\Documents and Settings\Eric\Desktop\APPT_PROJECT\main.c
                  _sincos   0x004d26    program     extern C:\MCC18\src\traditional\stdclib\sincos.c
                 _startup   0x007e18    program     extern C:\MCC18\src\traditional\startup\c018i.c
              _usart_putc   0x007e34    program     extern C:\MCC18\src\pmc_common\USART\_usartpc.asm
               _user_putc   0x007e92    program     extern C:\MCC18\src\traditional\stdclib\_user_putc.c
                     asin   0x007ce4    program     extern C:\MCC18\src\traditional\stdclib\asin.c
                     atan   0x0052d0    program     extern C:\MCC18\src\traditional\stdclib\atan.c
                    atan2   0x006dc6    program     extern C:\MCC18\src\traditional\stdclib\atan2.c
                     atof   0x006866    program     extern C:\MCC18\src\traditional\stdclib\atof.c
                     atoi   0x006b38    program     extern C:\MCC18\src\traditional\stdclib\atoi.asm
                  atolfix   0x006c22    program     extern C:\MCC18\src\traditional\stdclib\atolfix.asm
                calibrate   0x002190    program     extern C:\Documents and Settings\Eric\Desktop\APPT_PROJECT\main.c
           check_cmd_mode   0x001468    program     extern C:\Documents and Settings\Eric\Desktop\APPT_PROJECT\main.c
          check_test_mode   0x0015d6    program     extern C:\Documents and Settings\Eric\Desktop\APPT_PROJECT\main.c
               clear_loop   0x007e84    program     static C:\MCC18\src\traditional\proc\p18F2550.asm
        configDescriptor1   0x00782e    program     extern C:\Documents and Settings\Eric\Desktop\APPT_PROJECT\usb_descriptors.c
          config_SPI_devs   0x00670e    program     extern C:\Documents and Settings\Eric\Desktop\APPT_PROJECT\spi_funcs.c
      convert_eq_to_altaz   0x001f8a    program     extern C:\Documents and Settings\Eric\Desktop\APPT_PROJECT\main.c
                copy_loop   0x007ac0    program     static                          
            copy_one_byte   0x007ac6    program     static                          
                      cos   0x007c96    program     extern C:\MCC18\src\traditional\stdclib\cos.c
               device_dsc   0x00781c    program     extern C:\Documents and Settings\Eric\Desktop\APPT_PROJECT\usb_descriptors.c
                     done   0x007aea    program     static                          
             done_copying   0x007ad4    program     static                          
                draw_time   0x001412    program     extern C:\Documents and Settings\Eric\Desktop\APPT_PROJECT\main.c
                  endloop   0x007dce    program     static                          
                  endloop   0x007e66    program     static                          
                     fabs   0x007be0    program     extern C:\MCC18\src\traditional\stdclib\fabs.c
                      fmt   0x007e8c    program     extern C:\Documents and Settings\Eric\Desktop\APPT_PROJECT\main.c
             getsUSBUSART   0x006214    program     extern C:\Microchip Solutions\Microchip\Usb\CDC Device Driver\usb_function_cdc.c
                  hw_test   0x0016a0    program     extern C:\Documents and Settings\Eric\Desktop\APPT_PROJECT\main.c
                  isdigit   0x007dd4    program     extern C:\MCC18\src\traditional\stdclib\isdigit.asm
                item_list   0x0073ca    program     extern C:\Documents and Settings\Eric\Desktop\APPT_PROJECT\menu.c
                 jANotInf   0x004720    program     static C:\MCC18\src\traditional\math\addFP.asm
                 jANotInf   0x004842    program     static C:\MCC18\src\traditional\math\divFP.asm
                 jANotInf   0x0048e8    program     static C:\MCC18\src\traditional\math\mulFP.asm
                 jANotNeg   0x0047b4    program     static C:\MCC18\src\traditional\math\addFP.asm
                jANotZero   0x004856    program     static C:\MCC18\src\traditional\math\divFP.asm
              jAandWsetup   0x004784    program     static C:\MCC18\src\traditional\math\addFP.asm
                  jAisNeg   0x004aa2    program     static C:\MCC18\src\traditional\math\compFP.asm
                 jAltBexp   0x004772    program     static C:\MCC18\src\traditional\math\addFP.asm
                jBANotInf   0x004716    program     static C:\MCC18\src\traditional\math\addFP.asm
                 jBNotInf   0x00472e    program     static C:\MCC18\src\traditional\math\addFP.asm
              jBothFinite   0x0048f6    program     static C:\MCC18\src\traditional\math\mulFP.asm
             jBothNotZero   0x004a44    program     static C:\MCC18\src\traditional\math\compFP.asm
             jBothNotZero   0x004902    program     static C:\MCC18\src\traditional\math\mulFP.asm
            jDifOrPosSign   0x004742    program     static C:\MCC18\src\traditional\math\addFP.asm
                      jEQ   0x004a60    program     static C:\MCC18\src\traditional\math\compFP.asm
                     jEnd   0x007752    program     static C:\MCC18\src\traditional\stdclib\memset.asm
                     jEnd   0x0077a4    program     static C:\MCC18\src\traditional\stdclib\strncat.asm
                     jEnd   0x0077d0    program     static C:\MCC18\src\traditional\stdclib\strlen.asm
                     jEnd   0x007808    program     static C:\MCC18\src\traditional\stdclib\slenpgm.asm
                     jEnd   0x006bf6    program     static C:\MCC18\src\traditional\stdclib\atoi.asm
                     jEnd   0x006d52    program     static C:\MCC18\src\traditional\stdclib\atolfix.asm
                 jEndLoop   0x006d26    program     static C:\MCC18\src\traditional\stdclib\atolfix.asm
                 jEndLoop   0x006bde    program     static C:\MCC18\src\traditional\stdclib\atoi.asm
                    jExch   0x004a6c    program     static C:\MCC18\src\traditional\math\compFP.asm
                    jExit   0x004a00    program     static C:\MCC18\src\traditional\math\castFP16.asm
                    jExit   0x004c7e    program     static C:\MCC18\src\traditional\math\castFP32.asm
                   jExpEQ   0x004ab2    program     static C:\MCC18\src\traditional\math\compFP.asm
                   jFinal   0x004a96    program     static C:\MCC18\src\traditional\math\compFP.asm
               jFinalSign   0x00481c    program     static C:\MCC18\src\traditional\math\addFP.asm
                jHaveZero   0x0048fe    program     static C:\MCC18\src\traditional\math\mulFP.asm
                jI2F08Beg   0x0046b8    program     static C:\MCC18\src\traditional\math\cast08FP.asm
                jI2F16Beg   0x0046e0    program     static C:\MCC18\src\traditional\math\cast16FP.asm
                jI2F32Beg   0x004bf8    program     static C:\MCC18\src\traditional\math\cast32FP.asm
                    jLoop   0x004c52    program     static C:\MCC18\src\traditional\math\castFP32.asm
                    jLoop   0x006b90    program     static C:\MCC18\src\traditional\stdclib\atoi.asm
                    jLoop   0x007782    program     static C:\MCC18\src\traditional\stdclib\strncat.asm
                    jLoop   0x0049e0    program     static C:\MCC18\src\traditional\math\castFP16.asm
                    jLoop   0x006c80    program     static C:\MCC18\src\traditional\stdclib\atolfix.asm
                    jLoop   0x00487e    program     static C:\MCC18\src\traditional\math\divFP.asm
                    jLoop   0x0077c6    program     static C:\MCC18\src\traditional\stdclib\strlen.asm
                    jLoop   0x0077f0    program     static C:\MCC18\src\traditional\stdclib\slenpgm.asm
                    jLoop   0x007734    program     static C:\MCC18\src\traditional\stdclib\memset.asm
                   jLoop1   0x006c8e    program     static C:\MCC18\src\traditional\stdclib\atolfix.asm
                jLoopExit   0x0049f0    program     static C:\MCC18\src\traditional\math\castFP16.asm
                jLoopExit   0x004c66    program     static C:\MCC18\src\traditional\math\castFP32.asm
                   jMatch   0x007df4    program     static C:\MCC18\src\traditional\stdclib\isdigit.asm
                     jMax   0x004c22    program     static C:\MCC18\src\traditional\math\castFP32.asm
                     jMax   0x0049b4    program     static C:\MCC18\src\traditional\math\castFP16.asm
                  jMaxNeg   0x004c34    program     static C:\MCC18\src\traditional\math\castFP32.asm
                  jMaxNeg   0x0049c2    program     static C:\MCC18\src\traditional\math\castFP16.asm
                  jMaxPos   0x0049b8    program     static C:\MCC18\src\traditional\math\castFP16.asm
                  jMaxPos   0x004c26    program     static C:\MCC18\src\traditional\math\castFP32.asm
                      jNE   0x004a64    program     static C:\MCC18\src\traditional\math\compFP.asm
[...]
                 UEP5bits   0x000f75       data     extern C:\MCC18\src\traditional\proc\p18F2550.asm
                     UEP5   0x000f75       data     extern C:\MCC18\src\traditional\proc\p18F2550.asm
                 UEP6bits   0x000f76       data     extern C:\MCC18\src\traditional\proc\p18F2550.asm
                     UEP6   0x000f76       data     extern C:\MCC18\src\traditional\proc\p18F2550.asm
                 UEP7bits   0x000f77       data     extern C:\MCC18\src\traditional\proc\p18F2550.asm
                     UEP7   0x000f77       data     extern C:\MCC18\src\traditional\proc\p18F2550.asm
                     UEP8   0x000f78       data     extern C:\MCC18\src\traditional\proc\p18F2550.asm
                 UEP8bits   0x000f78       data     extern C:\MCC18\src\traditional\proc\p18F2550.asm
                     UEP9   0x000f79       data     extern C:\MCC18\src\traditional\proc\p18F2550.asm
                 UEP9bits   0x000f79       data     extern C:\MCC18\src\traditional\proc\p18F2550.asm
                    UEP10   0x000f7a       data     extern C:\MCC18\src\traditional\proc\p18F2550.asm
                UEP10bits   0x000f7a       data     extern C:\MCC18\src\traditional\proc\p18F2550.asm
                    UEP11   0x000f7b       data     extern C:\MCC18\src\traditional\proc\p18F2550.asm
                UEP11bits   0x000f7b       data     extern C:\MCC18\src\traditional\proc\p18F2550.asm
                    UEP12   0x000f7c       data     extern C:\MCC18\src\traditional\proc\p18F2550.asm
                UEP12bits   0x000f7c       data     extern C:\MCC18\src\traditional\proc\p18F2550.asm
                    UEP13   0x000f7d       data     extern C:\MCC18\src\traditional\proc\p18F2550.asm
                UEP13bits   0x000f7d       data     extern C:\MCC18\src\traditional\proc\p18F2550.asm
                    UEP14   0x000f7e       data     extern C:\MCC18\src\traditional\proc\p18F2550.asm
                UEP14bits   0x000f7e       data     extern C:\MCC18\src\traditional\proc\p18F2550.asm
                    UEP15   0x000f7f       data     extern C:\MCC18\src\traditional\proc\p18F2550.asm
                UEP15bits   0x000f7f       data     extern C:\MCC18\src\traditional\proc\p18F2550.asm
                    PORTA   0x000f80       data     extern C:\MCC18\src\traditional\proc\p18F2550.asm
                PORTAbits   0x000f80       data     extern C:\MCC18\src\traditional\proc\p18F2550.asm
                    PORTB   0x000f81       data     extern C:\MCC18\src\traditional\proc\p18F2550.asm
                PORTBbits   0x000f81       data     extern C:\MCC18\src\traditional\proc\p18F2550.asm
                    PORTC   0x000f82       data     extern C:\MCC18\src\traditional\proc\p18F2550.asm
                PORTCbits   0x000f82       data     extern C:\MCC18\src\traditional\proc\p18F2550.asm
                PORTEbits   0x000f84       data     extern C:\MCC18\src\traditional\proc\p18F2550.asm
                    PORTE   0x000f84       data     extern C:\MCC18\src\traditional\proc\p18F2550.asm
                 LATAbits   0x000f89       data     extern C:\MCC18\src\traditional\proc\p18F2550.asm
                     LATA   0x000f89       data     extern C:\MCC18\src\traditional\proc\p18F2550.asm
                 LATBbits   0x000f8a       data     extern C:\MCC18\src\traditional\proc\p18F2550.asm
                     LATB   0x000f8a       data     extern C:\MCC18\src\traditional\proc\p18F2550.asm
                     LATC   0x000f8b       data     extern C:\MCC18\src\traditional\proc\p18F2550.asm
                 LATCbits   0x000f8b       data     extern C:\MCC18\src\traditional\proc\p18F2550.asm
                     DDRA   0x000f92       data     extern C:\MCC18\src\traditional\proc\p18F2550.asm
                 DDRAbits   0x000f92       data     extern C:\MCC18\src\traditional\proc\p18F2550.asm
                TRISAbits   0x000f92       data     extern C:\MCC18\src\traditional\proc\p18F2550.asm
                    TRISA   0x000f92       data     extern C:\MCC18\src\traditional\proc\p18F2550.asm
                 DDRBbits   0x000f93       data     extern C:\MCC18\src\traditional\proc\p18F2550.asm
                TRISBbits   0x000f93       data     extern C:\MCC18\src\traditional\proc\p18F2550.asm
                    TRISB   0x000f93       data     extern C:\MCC18\src\traditional\proc\p18F2550.asm
                     DDRB   0x000f93       data     extern C:\MCC18\src\traditional\proc\p18F2550.asm
                 DDRCbits   0x000f94       data     extern C:\MCC18\src\traditional\proc\p18F2550.asm
                     DDRC   0x000f94       data     extern C:\MCC18\src\traditional\proc\p18F2550.asm
                    TRISC   0x000f94       data     extern C:\MCC18\src\traditional\proc\p18F2550.asm
                TRISCbits   0x000f94       data     extern C:\MCC18\src\traditional\proc\p18F2550.asm
              OSCTUNEbits   0x000f9b       data     extern C:\MCC18\src\traditional\proc\p18F2550.asm
                  OSCTUNE   0x000f9b       data     extern C:\MCC18\src\traditional\proc\p18F2550.asm
                 PIE1bits   0x000f9d       data     extern C:\MCC18\src\traditional\proc\p18F2550.asm
                     PIE1   0x000f9d       data     extern C:\MCC18\src\traditional\proc\p18F2550.asm
                     PIR1   0x000f9e       data     extern C:\MCC18\src\traditional\proc\p18F2550.asm
                 PIR1bits   0x000f9e       data     extern C:\MCC18\src\traditional\proc\p18F2550.asm
                 IPR1bits   0x000f9f       data     extern C:\MCC18\src\traditional\proc\p18F2550.asm
                     IPR1   0x000f9f       data     extern C:\MCC18\src\traditional\proc\p18F2550.asm
                 PIE2bits   0x000fa0       data     extern C:\MCC18\src\traditional\proc\p18F2550.asm
                     PIE2   0x000fa0       data     extern C:\MCC18\src\traditional\proc\p18F2550.asm
                 PIR2bits   0x000fa1       data     extern C:\MCC18\src\traditional\proc\p18F2550.asm
                     PIR2   0x000fa1       data     extern C:\MCC18\src\traditional\proc\p18F2550.asm
                     IPR2   0x000fa2       data     extern C:\MCC18\src\traditional\proc\p18F2550.asm
                 IPR2bits   0x000fa2       data     extern C:\MCC18\src\traditional\proc\p18F2550.asm
               EECON1bits   0x000fa6       data     extern C:\MCC18\src\traditional\proc\p18F2550.asm
                   EECON1   0x000fa6       data     extern C:\MCC18\src\traditional\proc\p18F2550.asm
                   EECON2   0x000fa7       data     extern C:\MCC18\src\traditional\proc\p18F2550.asm
                   EEDATA   0x000fa8       data     extern C:\MCC18\src\traditional\proc\p18F2550.asm
                    EEADR   0x000fa9       data     extern C:\MCC18\src\traditional\proc\p18F2550.asm
                    RCSTA   0x000fab       data     extern C:\MCC18\src\traditional\proc\p18F2550.asm
                RCSTAbits   0x000fab       data     extern C:\MCC18\src\traditional\proc\p18F2550.asm
                TXSTAbits   0x000fac       data     extern C:\MCC18\src\traditional\proc\p18F2550.asm
                    TXSTA   0x000fac       data     extern C:\MCC18\src\traditional\proc\p18F2550.asm
                    TXREG   0x000fad       data     extern C:\MCC18\src\traditional\proc\p18F2550.asm
                    RCREG   0x000fae       data     extern C:\MCC18\src\traditional\proc\p18F2550.asm
                    SPBRG   0x000faf       data     extern C:\MCC18\src\traditional\proc\p18F2550.asm
                   SPBRGH   0x000fb0       data     extern C:\MCC18\src\traditional\proc\p18F2550.asm
                    T3CON   0x000fb1       data     extern C:\MCC18\src\traditional\proc\p18F2550.asm
                T3CONbits   0x000fb1       data     extern C:\MCC18\src\traditional\proc\p18F2550.asm
                    TMR3L   0x000fb2       data     extern C:\MCC18\src\traditional\proc\p18F2550.asm
                    TMR3H   0x000fb3       data     extern C:\MCC18\src\traditional\proc\p18F2550.asm
                    CMCON   0x000fb4       data     extern C:\MCC18\src\traditional\proc\p18F2550.asm
                CMCONbits   0x000fb4       data     extern C:\MCC18\src\traditional\proc\p18F2550.asm
                   CVRCON   0x000fb5       data     extern C:\MCC18\src\traditional\proc\p18F2550.asm
               CVRCONbits   0x000fb5       data     extern C:\MCC18\src\traditional\proc\p18F2550.asm
              ECCP1ASbits   0x000fb6       data     extern C:\MCC18\src\traditional\proc\p18F2550.asm
                  ECCP1AS   0x000fb6       data     extern C:\MCC18\src\traditional\proc\p18F2550.asm
               CCP1ASbits   0x000fb6       data     extern C:\MCC18\src\traditional\proc\p18F2550.asm
                   CCP1AS   0x000fb6       data     extern C:\MCC18\src\traditional\proc\p18F2550.asm
                  CCP1DEL   0x000fb7       data     extern C:\MCC18\src\traditional\proc\p18F2550.asm
              CCP1DELbits   0x000fb7       data     extern C:\MCC18\src\traditional\proc\p18F2550.asm
             ECCP1DELbits   0x000fb7       data     extern C:\MCC18\src\traditional\proc\p18F2550.asm
                 ECCP1DEL   0x000fb7       data     extern C:\MCC18\src\traditional\proc\p18F2550.asm
              BAUDCONbits   0x000fb8       data     extern C:\MCC18\src\traditional\proc\p18F2550.asm
                  BAUDCON   0x000fb8       data     extern C:\MCC18\src\traditional\proc\p18F2550.asm
                  CCP2CON   0x000fba       data     extern C:\MCC18\src\traditional\proc\p18F2550.asm
              CCP2CONbits   0x000fba       data     extern C:\MCC18\src\traditional\proc\p18F2550.asm
                   CCPR2L   0x000fbb       data     extern C:\MCC18\src\traditional\proc\p18F2550.asm
                    CCPR2   0x000fbb       data     extern C:\MCC18\src\traditional\proc\p18F2550.asm
                   CCPR2H   0x000fbc       data     extern C:\MCC18\src\traditional\proc\p18F2550.asm
                  CCP1CON   0x000fbd       data     extern C:\MCC18\src\traditional\proc\p18F2550.asm
              CCP1CONbits   0x000fbd       data     extern C:\MCC18\src\traditional\proc\p18F2550.asm
                   CCPR1L   0x000fbe       data     extern C:\MCC18\src\traditional\proc\p18F2550.asm
                    CCPR1   0x000fbe       data     extern C:\MCC18\src\traditional\proc\p18F2550.asm
                   CCPR1H   0x000fbf       data     extern C:\MCC18\src\traditional\proc\p18F2550.asm
               ADCON2bits   0x000fc0       data     extern C:\MCC18\src\traditional\proc\p18F2550.asm
                   ADCON2   0x000fc0       data     extern C:\MCC18\src\traditional\proc\p18F2550.asm
               ADCON1bits   0x000fc1       data     extern C:\MCC18\src\traditional\proc\p18F2550.asm
                   ADCON1   0x000fc1       data     extern C:\MCC18\src\traditional\proc\p18F2550.asm
               ADCON0bits   0x000fc2       data     extern C:\MCC18\src\traditional\proc\p18F2550.asm
                   ADCON0   0x000fc2       data     extern C:\MCC18\src\traditional\proc\p18F2550.asm
                   ADRESL   0x000fc3       data     extern C:\MCC18\src\traditional\proc\p18F2550.asm
                    ADRES   0x000fc3       data     extern C:\MCC18\src\traditional\proc\p18F2550.asm
                   ADRESH   0x000fc4       data     extern C:\MCC18\src\traditional\proc\p18F2550.asm
                  SSPCON2   0x000fc5       data     extern C:\MCC18\src\traditional\proc\p18F2550.asm
              SSPCON2bits   0x000fc5       data     extern C:\MCC18\src\traditional\proc\p18F2550.asm
                  SSPCON1   0x000fc6       data     extern C:\MCC18\src\traditional\proc\p18F2550.asm
              SSPCON1bits   0x000fc6       data     extern C:\MCC18\src\traditional\proc\p18F2550.asm
                  SSPSTAT   0x000fc7       data     extern C:\MCC18\src\traditional\proc\p18F2550.asm
              SSPSTATbits   0x000fc7       data     extern C:\MCC18\src\traditional\proc\p18F2550.asm
                   SSPADD   0x000fc8       data     extern C:\MCC18\src\traditional\proc\p18F2550.asm
                   SSPBUF   0x000fc9       data     extern C:\MCC18\src\traditional\proc\p18F2550.asm
                    T2CON   0x000fca       data     extern C:\MCC18\src\traditional\proc\p18F2550.asm
                T2CONbits   0x000fca       data     extern C:\MCC18\src\traditional\proc\p18F2550.asm
                      PR2   0x000fcb       data     extern C:\MCC18\src\traditional\proc\p18F2550.asm
                     TMR2   0x000fcc       data     extern C:\MCC18\src\traditional\proc\p18F2550.asm
                T1CONbits   0x000fcd       data     extern C:\MCC18\src\traditional\proc\p18F2550.asm
                    T1CON   0x000fcd       data     extern C:\MCC18\src\traditional\proc\p18F2550.asm
                    TMR1L   0x000fce       data     extern C:\MCC18\src\traditional\proc\p18F2550.asm
                    TMR1H   0x000fcf       data     extern C:\MCC18\src\traditional\proc\p18F2550.asm
                 RCONbits   0x000fd0       data     extern C:\MCC18\src\traditional\proc\p18F2550.asm
                     RCON   0x000fd0       data     extern C:\MCC18\src\traditional\proc\p18F2550.asm
                   WDTCON   0x000fd1       data     extern C:\MCC18\src\traditional\proc\p18F2550.asm
               WDTCONbits   0x000fd1       data     extern C:\MCC18\src\traditional\proc\p18F2550.asm
                   LVDCON   0x000fd2       data     extern C:\MCC18\src\traditional\proc\p18F2550.asm
               LVDCONbits   0x000fd2       data     extern C:\MCC18\src\traditional\proc\p18F2550.asm
              HLVDCONbits   0x000fd2       data     extern C:\MCC18\src\traditional\proc\p18F2550.asm
                  HLVDCON   0x000fd2       data     extern C:\MCC18\src\traditional\proc\p18F2550.asm
                   OSCCON   0x000fd3       data     extern C:\MCC18\src\traditional\proc\p18F2550.asm
               OSCCONbits   0x000fd3       data     extern C:\MCC18\src\traditional\proc\p18F2550.asm
                    T0CON   0x000fd5       data     extern C:\MCC18\src\traditional\proc\p18F2550.asm
                T0CONbits   0x000fd5       data     extern C:\MCC18\src\traditional\proc\p18F2550.asm
                    TMR0L   0x000fd6       data     extern C:\MCC18\src\traditional\proc\p18F2550.asm
                    TMR0H   0x000fd7       data     extern C:\MCC18\src\traditional\proc\p18F2550.asm
                   STATUS   0x000fd8       data     extern C:\MCC18\src\traditional\proc\p18F2550.asm
               STATUSbits   0x000fd8       data     extern C:\MCC18\src\traditional\proc\p18F2550.asm
                     FSR2   0x000fd9       data     extern C:\MCC18\src\traditional\proc\p18F2550.asm
                    FSR2L   0x000fd9       data     extern C:\MCC18\src\traditional\proc\p18F2550.asm
                    FSR2H   0x000fda       data     extern C:\MCC18\src\traditional\proc\p18F2550.asm
                   PLUSW2   0x000fdb       data     extern C:\MCC18\src\traditional\proc\p18F2550.asm
                  PREINC2   0x000fdc       data     extern C:\MCC18\src\traditional\proc\p18F2550.asm
                 POSTDEC2   0x000fdd       data     extern C:\MCC18\src\traditional\proc\p18F2550.asm
                 POSTINC2   0x000fde       data     extern C:\MCC18\src\traditional\proc\p18F2550.asm
                    INDF2   0x000fdf       data     extern C:\MCC18\src\traditional\proc\p18F2550.asm
                      BSR   0x000fe0       data     extern C:\MCC18\src\traditional\proc\p18F2550.asm
                     FSR1   0x000fe1       data     extern C:\MCC18\src\traditional\proc\p18F2550.asm
                    FSR1L   0x000fe1       data     extern C:\MCC18\src\traditional\proc\p18F2550.asm
                    FSR1H   0x000fe2       data     extern C:\MCC18\src\traditional\proc\p18F2550.asm
                   PLUSW1   0x000fe3       data     extern C:\MCC18\src\traditional\proc\p18F2550.asm
                  PREINC1   0x000fe4       data     extern C:\MCC18\src\traditional\proc\p18F2550.asm
                 POSTDEC1   0x000fe5       data     extern C:\MCC18\src\traditional\proc\p18F2550.asm
                 POSTINC1   0x000fe6       data     extern C:\MCC18\src\traditional\proc\p18F2550.asm
                    INDF1   0x000fe7       data     extern C:\MCC18\src\traditional\proc\p18F2550.asm
                     WREG   0x000fe8       data     extern C:\MCC18\src\traditional\proc\p18F2550.asm
                     FSR0   0x000fe9       data     extern C:\MCC18\src\traditional\proc\p18F2550.asm
                    FSR0L   0x000fe9       data     extern C:\MCC18\src\traditional\proc\p18F2550.asm
                    FSR0H   0x000fea       data     extern C:\MCC18\src\traditional\proc\p18F2550.asm
                   PLUSW0   0x000feb       data     extern C:\MCC18\src\traditional\proc\p18F2550.asm
                  PREINC0   0x000fec       data     extern C:\MCC18\src\traditional\proc\p18F2550.asm
                 POSTDEC0   0x000fed       data     extern C:\MCC18\src\traditional\proc\p18F2550.asm
                 POSTINC0   0x000fee       data     extern C:\MCC18\src\traditional\proc\p18F2550.asm
                    INDF0   0x000fef       data     extern C:\MCC18\src\traditional\proc\p18F2550.asm
                  INTCON3   0x000ff0       data     extern C:\MCC18\src\traditional\proc\p18F2550.asm
              INTCON3bits   0x000ff0       data     extern C:\MCC18\src\traditional\proc\p18F2550.asm
              INTCON2bits   0x000ff1       data     extern C:\MCC18\src\traditional\proc\p18F2550.asm
                  INTCON2   0x000ff1       data     extern C:\MCC18\src\traditional\proc\p18F2550.asm
               INTCONbits   0x000ff2       data     extern C:\MCC18\src\traditional\proc\p18F2550.asm
                   INTCON   0x000ff2       data     extern C:\MCC18\src\traditional\proc\p18F2550.asm
                     PROD   0x000ff3       data     extern C:\MCC18\src\traditional\proc\p18F2550.asm
                    PRODL   0x000ff3       data     extern C:\MCC18\src\traditional\proc\p18F2550.asm
                    PRODH   0x000ff4       data     extern C:\MCC18\src\traditional\proc\p18F2550.asm
                   TABLAT   0x000ff5       data     extern C:\MCC18\src\traditional\proc\p18F2550.asm
                  TBLPTRL   0x000ff6       data     extern C:\MCC18\src\traditional\proc\p18F2550.asm
                   TBLPTR   0x000ff6       data     extern C:\MCC18\src\traditional\proc\p18F2550.asm
                  TBLPTRH   0x000ff7       data     extern C:\MCC18\src\traditional\proc\p18F2550.asm
                  TBLPTRU   0x000ff8       data     extern C:\MCC18\src\traditional\proc\p18F2550.asm
                       PC   0x000ff9       data     extern C:\MCC18\src\traditional\proc\p18F2550.asm
                      PCL   0x000ff9       data     extern C:\MCC18\src\traditional\proc\p18F2550.asm
                   PCLATH   0x000ffa       data     extern C:\MCC18\src\traditional\proc\p18F2550.asm
                   PCLATU   0x000ffb       data     extern C:\MCC18\src\traditional\proc\p18F2550.asm
               STKPTRbits   0x000ffc       data     extern C:\MCC18\src\traditional\proc\p18F2550.asm
                   STKPTR   0x000ffc       data     extern C:\MCC18\src\traditional\proc\p18F2550.asm
                      TOS   0x000ffd       data     extern C:\MCC18\src\traditional\proc\p18F2550.asm
                     TOSL   0x000ffd       data     extern C:\MCC18\src\traditional\proc\p18F2550.asm
                     TOSH   0x000ffe       data     extern C:\MCC18\src\traditional\proc\p18F2550.asm
                     TOSU   0x000fff       data     extern C:\MCC18\src\traditional\proc\p18F2550.asm


